// Jest Snapshot v1, https://goo.gl/fbAQLP

exports[`ExperienceDetailsHeader should match snapshot 1`] = `
<div
  class="mb-6 border-b border-stone-200 pb-6"
>
  <h3
    class="text-2xl lg:text-3xl font-bold text-stone-800 mb-2"
  >
    Test Company
  </h3>
  <p
    class="text-stone-950 font-semibold text-lg lg:text-xl mb-2"
  >
    test.position.key
  </p>
  <p
    class="text-stone-500 font-medium"
  >
    test.duration.key
  </p>
</div>
`;
