// Jest Snapshot v1, https://goo.gl/fbAQLP

exports[`DotNavigation should match snapshot 1`] = `
<nav
  aria-label="Section navigation"
  class="fixed right-6 top-1/2 -translate-y-1/2 z-40 "
  role="navigation"
>
  <ul
    class="space-y-3"
  >
    <li>
      <button
        aria-label="Go to Home section"
        class="
                                relative block w-3 h-3 rounded-full border-2 
                                transition-all duration-300 ease-in-out
                                hover:scale-125 focus:outline-none focus:ring-2 
                                focus:ring-blue-500 focus:ring-offset-2
                                bg-blue-600 border-blue-600 scale-110
                            "
        type="button"
      >
        <span
          class="
 absolute right-full mr-3 px-2 py-1 
 bg-gray-900 text-white text-xs rounded 
 opacity-0 pointer-events-none 
 transition-opacity duration-200
 whitespace-nowrap top-1/2 -translate-y-1/2
 group-hover:opacity-100
 "
        >
          Home
        </span>
      </button>
    </li>
    <li>
      <button
        aria-label="Go to About section"
        class="
                                relative block w-3 h-3 rounded-full border-2 
                                transition-all duration-300 ease-in-out
                                hover:scale-125 focus:outline-none focus:ring-2 
                                focus:ring-blue-500 focus:ring-offset-2
                                bg-transparent border-gray-400 hover:border-blue-500
                            "
        type="button"
      >
        <span
          class="
 absolute right-full mr-3 px-2 py-1 
 bg-gray-900 text-white text-xs rounded 
 opacity-0 pointer-events-none 
 transition-opacity duration-200
 whitespace-nowrap top-1/2 -translate-y-1/2
 group-hover:opacity-100
 "
        >
          About
        </span>
      </button>
    </li>
    <li>
      <button
        aria-label="Go to Experience section"
        class="
                                relative block w-3 h-3 rounded-full border-2 
                                transition-all duration-300 ease-in-out
                                hover:scale-125 focus:outline-none focus:ring-2 
                                focus:ring-blue-500 focus:ring-offset-2
                                bg-transparent border-gray-400 hover:border-blue-500
                            "
        type="button"
      >
        <span
          class="
 absolute right-full mr-3 px-2 py-1 
 bg-gray-900 text-white text-xs rounded 
 opacity-0 pointer-events-none 
 transition-opacity duration-200
 whitespace-nowrap top-1/2 -translate-y-1/2
 group-hover:opacity-100
 "
        >
          Experience
        </span>
      </button>
    </li>
    <li>
      <button
        aria-label="Go to Projects section"
        class="
                                relative block w-3 h-3 rounded-full border-2 
                                transition-all duration-300 ease-in-out
                                hover:scale-125 focus:outline-none focus:ring-2 
                                focus:ring-blue-500 focus:ring-offset-2
                                bg-transparent border-gray-400 hover:border-blue-500
                            "
        type="button"
      >
        <span
          class="
 absolute right-full mr-3 px-2 py-1 
 bg-gray-900 text-white text-xs rounded 
 opacity-0 pointer-events-none 
 transition-opacity duration-200
 whitespace-nowrap top-1/2 -translate-y-1/2
 group-hover:opacity-100
 "
        >
          Projects
        </span>
      </button>
    </li>
    <li>
      <button
        aria-label="Go to Contact section"
        class="
                                relative block w-3 h-3 rounded-full border-2 
                                transition-all duration-300 ease-in-out
                                hover:scale-125 focus:outline-none focus:ring-2 
                                focus:ring-blue-500 focus:ring-offset-2
                                bg-transparent border-gray-400 hover:border-blue-500
                            "
        type="button"
      >
        <span
          class="
 absolute right-full mr-3 px-2 py-1 
 bg-gray-900 text-white text-xs rounded 
 opacity-0 pointer-events-none 
 transition-opacity duration-200
 whitespace-nowrap top-1/2 -translate-y-1/2
 group-hover:opacity-100
 "
        >
          Contact
        </span>
      </button>
    </li>
  </ul>
</nav>
`;
