// Jest Snapshot v1, https://goo.gl/fbAQLP

exports[`ExperienceDetailsDescription should match snapshot 1`] = `
<ul
  class="space-y-4 mb-8"
>
  <li
    class="flex items-start"
  >
    <div
      class="w-2 h-2 bg-stone-950 dark:bg-green-400 rounded-full mt-2 mr-4 flex-shrink-0"
    />
    <span
      class="text-stone-700 dark:text-zinc-300 leading-relaxed"
    >
      experience.exp1.desc1
    </span>
  </li>
  <li
    class="flex items-start"
  >
    <div
      class="w-2 h-2 bg-stone-950 dark:bg-green-400 rounded-full mt-2 mr-4 flex-shrink-0"
    />
    <span
      class="text-stone-700 dark:text-zinc-300 leading-relaxed"
    >
      experience.exp1.desc2
    </span>
  </li>
  <li
    class="flex items-start"
  >
    <div
      class="w-2 h-2 bg-stone-950 dark:bg-green-400 rounded-full mt-2 mr-4 flex-shrink-0"
    />
    <span
      class="text-stone-700 dark:text-zinc-300 leading-relaxed"
    >
      experience.exp1.desc3
    </span>
  </li>
</ul>
`;

exports[`ExperienceDetailsDescription should match snapshot with empty descriptions 1`] = `
<ul
  class="space-y-4 mb-8"
/>
`;
